---
source: crates/aiken-lang/src/parser/expr/error_todo.rs
description: "Code:\n\nerror \"foo\"\n"
---
Trace {
    kind: Error,
    location: 0..11,
    then: ErrorTerm {
        location: 0..11,
    },
    text: String {
        location: 6..11,
        value: "foo",
    },
}
