---
source: crates/aiken-lang/src/parser/expr/error_todo.rs
description: "Code:\n\ntodo \"foo\"\n"
---
Trace {
    kind: Todo,
    location: 0..10,
    then: ErrorTerm {
        location: 0..10,
    },
    text: String {
        location: 5..10,
        value: "foo",
    },
}
