---
source: crates/aiken-lang/src/tests/parser.rs
description: "Code:\n\nuse aiken\n\n// some comment\n// more comments"
---
Module {
    name: "",
    docs: [],
    type_info: (),
    definitions: [
        Use(
            Use {
                as_name: None,
                location: 0..9,
                module: [
                    "aiken",
                ],
                package: (),
                unqualified: [],
            },
        ),
    ],
    kind: Validator,
}
